Archive member included because of file (symbol)

c:/users/mohamed karem/desktop/embedded/programs/imt_sdk_win_64/imt_sdk_win_64/winavr/bin/../lib/gcc/avr/4.3.3/avr5\libgcc.a(_udivmodqi4.o)
                              ./HAL/LCD_driver/Log_program.o (__udivmodqi4)
c:/users/mohamed karem/desktop/embedded/programs/imt_sdk_win_64/imt_sdk_win_64/winavr/bin/../lib/gcc/avr/4.3.3/avr5\libgcc.a(_udivmodhi4.o)
                              ./HAL/LCD_driver/Log_program.o (__udivmodhi4)
c:/users/mohamed karem/desktop/embedded/programs/imt_sdk_win_64/imt_sdk_win_64/winavr/bin/../lib/gcc/avr/4.3.3/avr5\libgcc.a(_exit.o)
                              c:/users/mohamed karem/desktop/embedded/programs/imt_sdk_win_64/imt_sdk_win_64/winavr/bin/../lib/gcc/avr/4.3.3/../../../../avr/lib/avr5/crtm32.o (exit)
c:/users/mohamed karem/desktop/embedded/programs/imt_sdk_win_64/imt_sdk_win_64/winavr/bin/../lib/gcc/avr/4.3.3/avr5\libgcc.a(_copy_data.o)
                              ./app/locker.o (__do_copy_data)
c:/users/mohamed karem/desktop/embedded/programs/imt_sdk_win_64/imt_sdk_win_64/winavr/bin/../lib/gcc/avr/4.3.3/avr5\libgcc.a(_fixunssfsi.o)
                              ./app/locker.o (__fixunssfsi)
c:/users/mohamed karem/desktop/embedded/programs/imt_sdk_win_64/imt_sdk_win_64/winavr/bin/../lib/gcc/avr/4.3.3/avr5\libgcc.a(_addsub_sf.o)
                              c:/users/mohamed karem/desktop/embedded/programs/imt_sdk_win_64/imt_sdk_win_64/winavr/bin/../lib/gcc/avr/4.3.3/avr5\libgcc.a(_fixunssfsi.o) (__subsf3)
c:/users/mohamed karem/desktop/embedded/programs/imt_sdk_win_64/imt_sdk_win_64/winavr/bin/../lib/gcc/avr/4.3.3/avr5\libgcc.a(_mul_sf.o)
                              ./app/locker.o (__mulsf3)
c:/users/mohamed karem/desktop/embedded/programs/imt_sdk_win_64/imt_sdk_win_64/winavr/bin/../lib/gcc/avr/4.3.3/avr5\libgcc.a(_gt_sf.o)
                              ./app/locker.o (__gtsf2)
c:/users/mohamed karem/desktop/embedded/programs/imt_sdk_win_64/imt_sdk_win_64/winavr/bin/../lib/gcc/avr/4.3.3/avr5\libgcc.a(_ge_sf.o)
                              c:/users/mohamed karem/desktop/embedded/programs/imt_sdk_win_64/imt_sdk_win_64/winavr/bin/../lib/gcc/avr/4.3.3/avr5\libgcc.a(_fixunssfsi.o) (__gesf2)
c:/users/mohamed karem/desktop/embedded/programs/imt_sdk_win_64/imt_sdk_win_64/winavr/bin/../lib/gcc/avr/4.3.3/avr5\libgcc.a(_lt_sf.o)
                              ./app/locker.o (__ltsf2)
c:/users/mohamed karem/desktop/embedded/programs/imt_sdk_win_64/imt_sdk_win_64/winavr/bin/../lib/gcc/avr/4.3.3/avr5\libgcc.a(_sf_to_si.o)
                              c:/users/mohamed karem/desktop/embedded/programs/imt_sdk_win_64/imt_sdk_win_64/winavr/bin/../lib/gcc/avr/4.3.3/avr5\libgcc.a(_fixunssfsi.o) (__fixsfsi)
c:/users/mohamed karem/desktop/embedded/programs/imt_sdk_win_64/imt_sdk_win_64/winavr/bin/../lib/gcc/avr/4.3.3/avr5\libgcc.a(_thenan_sf.o)
                              c:/users/mohamed karem/desktop/embedded/programs/imt_sdk_win_64/imt_sdk_win_64/winavr/bin/../lib/gcc/avr/4.3.3/avr5\libgcc.a(_addsub_sf.o) (__thenan_sf)
c:/users/mohamed karem/desktop/embedded/programs/imt_sdk_win_64/imt_sdk_win_64/winavr/bin/../lib/gcc/avr/4.3.3/avr5\libgcc.a(_prologue.o)
                              c:/users/mohamed karem/desktop/embedded/programs/imt_sdk_win_64/imt_sdk_win_64/winavr/bin/../lib/gcc/avr/4.3.3/avr5\libgcc.a(_addsub_sf.o) (__prologue_saves__)
c:/users/mohamed karem/desktop/embedded/programs/imt_sdk_win_64/imt_sdk_win_64/winavr/bin/../lib/gcc/avr/4.3.3/avr5\libgcc.a(_epilogue.o)
                              c:/users/mohamed karem/desktop/embedded/programs/imt_sdk_win_64/imt_sdk_win_64/winavr/bin/../lib/gcc/avr/4.3.3/avr5\libgcc.a(_addsub_sf.o) (__epilogue_restores__)
c:/users/mohamed karem/desktop/embedded/programs/imt_sdk_win_64/imt_sdk_win_64/winavr/bin/../lib/gcc/avr/4.3.3/avr5\libgcc.a(_pack_sf.o)
                              c:/users/mohamed karem/desktop/embedded/programs/imt_sdk_win_64/imt_sdk_win_64/winavr/bin/../lib/gcc/avr/4.3.3/avr5\libgcc.a(_addsub_sf.o) (__pack_f)
c:/users/mohamed karem/desktop/embedded/programs/imt_sdk_win_64/imt_sdk_win_64/winavr/bin/../lib/gcc/avr/4.3.3/avr5\libgcc.a(_unpack_sf.o)
                              c:/users/mohamed karem/desktop/embedded/programs/imt_sdk_win_64/imt_sdk_win_64/winavr/bin/../lib/gcc/avr/4.3.3/avr5\libgcc.a(_addsub_sf.o) (__unpack_f)
c:/users/mohamed karem/desktop/embedded/programs/imt_sdk_win_64/imt_sdk_win_64/winavr/bin/../lib/gcc/avr/4.3.3/avr5\libgcc.a(_fpcmp_parts_sf.o)
                              c:/users/mohamed karem/desktop/embedded/programs/imt_sdk_win_64/imt_sdk_win_64/winavr/bin/../lib/gcc/avr/4.3.3/avr5\libgcc.a(_gt_sf.o) (__fpcmp_parts_f)

Memory Configuration

Name             Origin             Length             Attributes
text             0x00000000         0x00020000         xr
data             0x00800060         0x0000ffa0         rw !x
eeprom           0x00810000         0x00010000         rw !x
fuse             0x00820000         0x00000400         rw !x
lock             0x00830000         0x00000400         rw !x
signature        0x00840000         0x00000400         rw !x
*default*        0x00000000         0xffffffff

Linker script and memory map

LOAD c:/users/mohamed karem/desktop/embedded/programs/imt_sdk_win_64/imt_sdk_win_64/winavr/bin/../lib/gcc/avr/4.3.3/../../../../avr/lib/avr5/crtm32.o
LOAD ./app/locker.o
LOAD ./MCAL/I2C/IIC_program.o
LOAD ./MCAL/DIO_driver/DIO_program.o
LOAD ./HAL/LCD_driver/LCD_program.o
LOAD ./HAL/LCD_driver/Log_program.o
LOAD ./HAL/Keypad_driver/keypad_program.o
LOAD ./HAL/EXT_EEPROM/EXT_EEPROM_program.o
LOAD ./HAL/Buzzer_driver/Buzzer.o
LOAD ./main.o
LOAD c:/users/mohamed karem/desktop/embedded/programs/imt_sdk_win_64/imt_sdk_win_64/winavr/bin/../lib/gcc/avr/4.3.3/avr5\libgcc.a
LOAD c:/users/mohamed karem/desktop/embedded/programs/imt_sdk_win_64/imt_sdk_win_64/winavr/bin/../lib/gcc/avr/4.3.3/../../../../avr/lib/avr5\libc.a
LOAD c:/users/mohamed karem/desktop/embedded/programs/imt_sdk_win_64/imt_sdk_win_64/winavr/bin/../lib/gcc/avr/4.3.3/avr5\libgcc.a

.hash
 *(.hash)

.dynsym
 *(.dynsym)

.dynstr
 *(.dynstr)

.gnu.version
 *(.gnu.version)

.gnu.version_d
 *(.gnu.version_d)

.gnu.version_r
 *(.gnu.version_r)

.rel.init
 *(.rel.init)

.rela.init
 *(.rela.init)

.rel.text
 *(.rel.text)
 *(.rel.text.*)
 *(.rel.gnu.linkonce.t*)

.rela.text
 *(.rela.text)
 *(.rela.text.*)
 *(.rela.gnu.linkonce.t*)

.rel.fini
 *(.rel.fini)

.rela.fini
 *(.rela.fini)

.rel.rodata
 *(.rel.rodata)
 *(.rel.rodata.*)
 *(.rel.gnu.linkonce.r*)

.rela.rodata
 *(.rela.rodata)
 *(.rela.rodata.*)
 *(.rela.gnu.linkonce.r*)

.rel.data
 *(.rel.data)
 *(.rel.data.*)
 *(.rel.gnu.linkonce.d*)

.rela.data
 *(.rela.data)
 *(.rela.data.*)
 *(.rela.gnu.linkonce.d*)

.rel.ctors
 *(.rel.ctors)

.rela.ctors
 *(.rela.ctors)

.rel.dtors
 *(.rel.dtors)

.rela.dtors
 *(.rela.dtors)

.rel.got
 *(.rel.got)

.rela.got
 *(.rela.got)

.rel.bss
 *(.rel.bss)

.rela.bss
 *(.rela.bss)

.rel.plt
 *(.rel.plt)

.rela.plt
 *(.rela.plt)

.text           0x00000000     0x3702
 *(.vectors)
 .vectors       0x00000000       0x54 c:/users/mohamed karem/desktop/embedded/programs/imt_sdk_win_64/imt_sdk_win_64/winavr/bin/../lib/gcc/avr/4.3.3/../../../../avr/lib/avr5/crtm32.o
                0x00000000                __vectors
                0x00000000                __vector_default
 *(.vectors)
 *(.progmem.gcc*)
 *(.progmem*)
                0x00000054                . = ALIGN (0x2)
                0x00000054                __trampolines_start = .
 *(.trampolines)
 .trampolines   0x00000054        0x0 linker stubs
 *(.trampolines*)
                0x00000054                __trampolines_end = .
 *(.jumptables)
 *(.jumptables*)
 *(.lowtext)
 *(.lowtext*)
                0x00000054                __ctors_start = .
 *(.ctors)
                0x00000054                __ctors_end = .
                0x00000054                __dtors_start = .
 *(.dtors)
                0x00000054                __dtors_end = .
 SORT(*)(.ctors)
 SORT(*)(.dtors)
 *(.init0)
 .init0         0x00000054        0x0 c:/users/mohamed karem/desktop/embedded/programs/imt_sdk_win_64/imt_sdk_win_64/winavr/bin/../lib/gcc/avr/4.3.3/../../../../avr/lib/avr5/crtm32.o
                0x00000054                __init
 *(.init0)
 *(.init1)
 *(.init1)
 *(.init2)
 .init2         0x00000054        0xc c:/users/mohamed karem/desktop/embedded/programs/imt_sdk_win_64/imt_sdk_win_64/winavr/bin/../lib/gcc/avr/4.3.3/../../../../avr/lib/avr5/crtm32.o
 *(.init2)
 *(.init3)
 *(.init3)
 *(.init4)
 .init4         0x00000060       0x16 c:/users/mohamed karem/desktop/embedded/programs/imt_sdk_win_64/imt_sdk_win_64/winavr/bin/../lib/gcc/avr/4.3.3/avr5\libgcc.a(_copy_data.o)
                0x00000060                __do_copy_data
 *(.init4)
 *(.init5)
 *(.init5)
 *(.init6)
 *(.init6)
 *(.init7)
 *(.init7)
 *(.init8)
 *(.init8)
 *(.init9)
 .init9         0x00000076        0x8 c:/users/mohamed karem/desktop/embedded/programs/imt_sdk_win_64/imt_sdk_win_64/winavr/bin/../lib/gcc/avr/4.3.3/../../../../avr/lib/avr5/crtm32.o
 *(.init9)
 *(.text)
 .text          0x0000007e        0x4 c:/users/mohamed karem/desktop/embedded/programs/imt_sdk_win_64/imt_sdk_win_64/winavr/bin/../lib/gcc/avr/4.3.3/../../../../avr/lib/avr5/crtm32.o
                0x0000007e                __vector_1
                0x0000007e                __vector_12
                0x0000007e                __bad_interrupt
                0x0000007e                __vector_6
                0x0000007e                __vector_3
                0x0000007e                __vector_11
                0x0000007e                __vector_13
                0x0000007e                __vector_17
                0x0000007e                __vector_19
                0x0000007e                __vector_7
                0x0000007e                __vector_5
                0x0000007e                __vector_4
                0x0000007e                __vector_9
                0x0000007e                __vector_2
                0x0000007e                __vector_15
                0x0000007e                __vector_8
                0x0000007e                __vector_14
                0x0000007e                __vector_10
                0x0000007e                __vector_16
                0x0000007e                __vector_18
                0x0000007e                __vector_20
 .text          0x00000082        0x0 ./app/locker.o
 .text          0x00000082        0x0 ./MCAL/I2C/IIC_program.o
 .text          0x00000082        0x0 ./MCAL/DIO_driver/DIO_program.o
 .text          0x00000082        0x0 ./HAL/LCD_driver/LCD_program.o
 .text          0x00000082        0x0 ./HAL/LCD_driver/Log_program.o
 .text          0x00000082        0x0 ./HAL/Keypad_driver/keypad_program.o
 .text          0x00000082        0x0 ./HAL/EXT_EEPROM/EXT_EEPROM_program.o
 .text          0x00000082        0x0 ./HAL/Buzzer_driver/Buzzer.o
 .text          0x00000082        0x0 ./main.o
 .text          0x00000082        0x0 c:/users/mohamed karem/desktop/embedded/programs/imt_sdk_win_64/imt_sdk_win_64/winavr/bin/../lib/gcc/avr/4.3.3/avr5\libgcc.a(_udivmodqi4.o)
 .text          0x00000082        0x0 c:/users/mohamed karem/desktop/embedded/programs/imt_sdk_win_64/imt_sdk_win_64/winavr/bin/../lib/gcc/avr/4.3.3/avr5\libgcc.a(_udivmodhi4.o)
 .text          0x00000082        0x0 c:/users/mohamed karem/desktop/embedded/programs/imt_sdk_win_64/imt_sdk_win_64/winavr/bin/../lib/gcc/avr/4.3.3/avr5\libgcc.a(_exit.o)
 .text          0x00000082        0x0 c:/users/mohamed karem/desktop/embedded/programs/imt_sdk_win_64/imt_sdk_win_64/winavr/bin/../lib/gcc/avr/4.3.3/avr5\libgcc.a(_copy_data.o)
 .text          0x00000082       0x58 c:/users/mohamed karem/desktop/embedded/programs/imt_sdk_win_64/imt_sdk_win_64/winavr/bin/../lib/gcc/avr/4.3.3/avr5\libgcc.a(_fixunssfsi.o)
                0x00000082                __fixunssfsi
 .text          0x000000da      0x354 c:/users/mohamed karem/desktop/embedded/programs/imt_sdk_win_64/imt_sdk_win_64/winavr/bin/../lib/gcc/avr/4.3.3/avr5\libgcc.a(_addsub_sf.o)
                0x00000372                __subsf3
                0x000003d4                __addsf3
 .text          0x0000042e      0x1f4 c:/users/mohamed karem/desktop/embedded/programs/imt_sdk_win_64/imt_sdk_win_64/winavr/bin/../lib/gcc/avr/4.3.3/avr5\libgcc.a(_mul_sf.o)
                0x0000042e                __mulsf3
 .text          0x00000622       0x60 c:/users/mohamed karem/desktop/embedded/programs/imt_sdk_win_64/imt_sdk_win_64/winavr/bin/../lib/gcc/avr/4.3.3/avr5\libgcc.a(_gt_sf.o)
                0x00000622                __gtsf2
 .text          0x00000682       0x60 c:/users/mohamed karem/desktop/embedded/programs/imt_sdk_win_64/imt_sdk_win_64/winavr/bin/../lib/gcc/avr/4.3.3/avr5\libgcc.a(_ge_sf.o)
                0x00000682                __gesf2
 .text          0x000006e2       0x60 c:/users/mohamed karem/desktop/embedded/programs/imt_sdk_win_64/imt_sdk_win_64/winavr/bin/../lib/gcc/avr/4.3.3/avr5\libgcc.a(_lt_sf.o)
                0x000006e2                __ltsf2
 .text          0x00000742       0xa8 c:/users/mohamed karem/desktop/embedded/programs/imt_sdk_win_64/imt_sdk_win_64/winavr/bin/../lib/gcc/avr/4.3.3/avr5\libgcc.a(_sf_to_si.o)
                0x00000742                __fixsfsi
 .text          0x000007ea        0x0 c:/users/mohamed karem/desktop/embedded/programs/imt_sdk_win_64/imt_sdk_win_64/winavr/bin/../lib/gcc/avr/4.3.3/avr5\libgcc.a(_thenan_sf.o)
 .text          0x000007ea        0x0 c:/users/mohamed karem/desktop/embedded/programs/imt_sdk_win_64/imt_sdk_win_64/winavr/bin/../lib/gcc/avr/4.3.3/avr5\libgcc.a(_prologue.o)
 .text          0x000007ea        0x0 c:/users/mohamed karem/desktop/embedded/programs/imt_sdk_win_64/imt_sdk_win_64/winavr/bin/../lib/gcc/avr/4.3.3/avr5\libgcc.a(_epilogue.o)
 .text          0x000007ea      0x1aa c:/users/mohamed karem/desktop/embedded/programs/imt_sdk_win_64/imt_sdk_win_64/winavr/bin/../lib/gcc/avr/4.3.3/avr5\libgcc.a(_pack_sf.o)
                0x000007ea                __pack_f
 .text          0x00000994       0xf0 c:/users/mohamed karem/desktop/embedded/programs/imt_sdk_win_64/imt_sdk_win_64/winavr/bin/../lib/gcc/avr/4.3.3/avr5\libgcc.a(_unpack_sf.o)
                0x00000994                __unpack_f
 .text          0x00000a84       0xb2 c:/users/mohamed karem/desktop/embedded/programs/imt_sdk_win_64/imt_sdk_win_64/winavr/bin/../lib/gcc/avr/4.3.3/avr5\libgcc.a(_fpcmp_parts_sf.o)
                0x00000a84                __fpcmp_parts_f
                0x00000b36                . = ALIGN (0x2)
 *(.text.*)
 .text.System_init
                0x00000b36       0x28 ./app/locker.o
                0x00000b36                System_init
 .text.checkMemory
                0x00000b5e       0x72 ./app/locker.o
                0x00000b5e                checkMemory
 .text.enterPassword
                0x00000bd0      0x29e ./app/locker.o
                0x00000bd0                enterPassword
 .text.changePassword
                0x00000e6e      0x25a ./app/locker.o
                0x00000e6e                changePassword
 .text.takeOpenLockerActions
                0x000010c8      0x26a ./app/locker.o
                0x000010c8                takeOpenLockerActions
 .text.TWI_voidMasterINST
                0x00001332       0x54 ./MCAL/I2C/IIC_program.o
                0x00001332                TWI_voidMasterINST
 .text.TWI_voidSlaveINST
                0x00001386       0x2a ./MCAL/I2C/IIC_program.o
                0x00001386                TWI_voidSlaveINST
 .text.TWI_SendStartcondition
                0x000013b0       0x76 ./MCAL/I2C/IIC_program.o
                0x000013b0                TWI_SendStartcondition
 .text.TWI_SendRepeatedStart
                0x00001426       0x58 ./MCAL/I2C/IIC_program.o
                0x00001426                TWI_SendRepeatedStart
 .text.TWI_SendSlaveAddressWithWrite
                0x0000147e       0x76 ./MCAL/I2C/IIC_program.o
                0x0000147e                TWI_SendSlaveAddressWithWrite
 .text.TWI_SendSlaveAddressWithRead
                0x000014f4       0x7c ./MCAL/I2C/IIC_program.o
                0x000014f4                TWI_SendSlaveAddressWithRead
 .text.TWI_MasterSendDataByte
                0x00001570       0x66 ./MCAL/I2C/IIC_program.o
                0x00001570                TWI_MasterSendDataByte
 .text.TWI_MasterReceiveDataByte
                0x000015d6       0x70 ./MCAL/I2C/IIC_program.o
                0x000015d6                TWI_MasterReceiveDataByte
 .text.IIC_voidSendStopcondition
                0x00001646       0x46 ./MCAL/I2C/IIC_program.o
                0x00001646                IIC_voidSendStopcondition
 .text.DIO_voidsetportdirection
                0x0000168c       0x82 ./MCAL/DIO_driver/DIO_program.o
                0x0000168c                DIO_voidsetportdirection
 .text.DIO_voidsetpindirection
                0x0000170e      0x208 ./MCAL/DIO_driver/DIO_program.o
                0x0000170e                DIO_voidsetpindirection
 .text.DIO_voidsetportvalue
                0x00001916       0x82 ./MCAL/DIO_driver/DIO_program.o
                0x00001916                DIO_voidsetportvalue
 .text.DIO_voidsetpinvalue
                0x00001998      0x208 ./MCAL/DIO_driver/DIO_program.o
                0x00001998                DIO_voidsetpinvalue
 .text.DIO_u8getpinvalue
                0x00001ba0       0xf4 ./MCAL/DIO_driver/DIO_program.o
                0x00001ba0                DIO_u8getpinvalue
 .text.LCD_voidsendcommand
                0x00001c94      0x220 ./HAL/LCD_driver/LCD_program.o
                0x00001c94                LCD_voidsendcommand
 .text.LCD_voidsendDATA
                0x00001eb4      0x220 ./HAL/LCD_driver/LCD_program.o
                0x00001eb4                LCD_voidsendDATA
 .text.LCD_voidINST
                0x000020d4      0x210 ./HAL/LCD_driver/LCD_program.o
                0x000020d4                LCD_voidINST
 .text.LCD_voidsendstring
                0x000022e4       0x52 ./HAL/LCD_driver/LCD_program.o
                0x000022e4                LCD_voidsendstring
 .text.LCD_voidGoToXY
                0x00002336       0x3c ./HAL/LCD_driver/LCD_program.o
                0x00002336                LCD_voidGoToXY
 .text.Log_voidPrintString
                0x00002372       0x38 ./HAL/LCD_driver/Log_program.o
                0x00002372                Log_voidPrintString
 .text.Log_voidPrintNumber
                0x000023aa      0x306 ./HAL/LCD_driver/Log_program.o
                0x000023aa                Log_voidPrintNumber
 .text.keypad_voidInit
                0x000026b0       0x66 ./HAL/Keypad_driver/keypad_program.o
                0x000026b0                keypad_voidInit
 .text.keypad_u8GetPressedkey
                0x00002716      0x190 ./HAL/Keypad_driver/keypad_program.o
                0x00002716                keypad_u8GetPressedkey
 .text.EEPROM_Init
                0x000028a6       0x14 ./HAL/EXT_EEPROM/EXT_EEPROM_program.o
                0x000028a6                EEPROM_Init
 .text.EEPROM_WriteData
                0x000028ba       0x38 ./HAL/EXT_EEPROM/EXT_EEPROM_program.o
                0x000028ba                EEPROM_WriteData
 .text.EEPROM_ReadData
                0x000028f2       0x44 ./HAL/EXT_EEPROM/EXT_EEPROM_program.o
                0x000028f2                EEPROM_ReadData
 .text.BuzzerINIT
                0x00002936       0x18 ./HAL/Buzzer_driver/Buzzer.o
                0x00002936                BuzzerINIT
 .text.Buzzer_3_sec
                0x0000294e      0x3ca ./HAL/Buzzer_driver/Buzzer.o
                0x0000294e                Buzzer_3_sec
 .text.Buzzer_100_ms
                0x00002d18      0x202 ./HAL/Buzzer_driver/Buzzer.o
                0x00002d18                Buzzer_100_ms
 .text.main     0x00002f1a      0x736 ./main.o
                0x00002f1a                main
 .text.libgcc   0x00003650       0x18 c:/users/mohamed karem/desktop/embedded/programs/imt_sdk_win_64/imt_sdk_win_64/winavr/bin/../lib/gcc/avr/4.3.3/avr5\libgcc.a(_udivmodqi4.o)
                0x00003650                __udivmodqi4
 .text.libgcc   0x00003668       0x28 c:/users/mohamed karem/desktop/embedded/programs/imt_sdk_win_64/imt_sdk_win_64/winavr/bin/../lib/gcc/avr/4.3.3/avr5\libgcc.a(_udivmodhi4.o)
                0x00003668                __udivmodhi4
 .text.libgcc   0x00003690        0x0 c:/users/mohamed karem/desktop/embedded/programs/imt_sdk_win_64/imt_sdk_win_64/winavr/bin/../lib/gcc/avr/4.3.3/avr5\libgcc.a(_exit.o)
 .text.libgcc   0x00003690        0x0 c:/users/mohamed karem/desktop/embedded/programs/imt_sdk_win_64/imt_sdk_win_64/winavr/bin/../lib/gcc/avr/4.3.3/avr5\libgcc.a(_copy_data.o)
 .text.libgcc   0x00003690       0x38 c:/users/mohamed karem/desktop/embedded/programs/imt_sdk_win_64/imt_sdk_win_64/winavr/bin/../lib/gcc/avr/4.3.3/avr5\libgcc.a(_prologue.o)
                0x00003690                __prologue_saves__
 .text.libgcc   0x000036c8       0x36 c:/users/mohamed karem/desktop/embedded/programs/imt_sdk_win_64/imt_sdk_win_64/winavr/bin/../lib/gcc/avr/4.3.3/avr5\libgcc.a(_epilogue.o)
                0x000036c8                __epilogue_restores__
                0x000036fe                . = ALIGN (0x2)
 *(.fini9)
 .fini9         0x000036fe        0x0 c:/users/mohamed karem/desktop/embedded/programs/imt_sdk_win_64/imt_sdk_win_64/winavr/bin/../lib/gcc/avr/4.3.3/avr5\libgcc.a(_exit.o)
                0x000036fe                exit
                0x000036fe                _exit
 *(.fini9)
 *(.fini8)
 *(.fini8)
 *(.fini7)
 *(.fini7)
 *(.fini6)
 *(.fini6)
 *(.fini5)
 *(.fini5)
 *(.fini4)
 *(.fini4)
 *(.fini3)
 *(.fini3)
 *(.fini2)
 *(.fini2)
 *(.fini1)
 *(.fini1)
 *(.fini0)
 .fini0         0x000036fe        0x4 c:/users/mohamed karem/desktop/embedded/programs/imt_sdk_win_64/imt_sdk_win_64/winavr/bin/../lib/gcc/avr/4.3.3/avr5\libgcc.a(_exit.o)
 *(.fini0)
                0x00003702                _etext = .

.data           0x00800060       0x9e load address 0x00003702
                0x00800060                PROVIDE (__data_start, .)
 *(.data)
 .data          0x00800060        0x0 c:/users/mohamed karem/desktop/embedded/programs/imt_sdk_win_64/imt_sdk_win_64/winavr/bin/../lib/gcc/avr/4.3.3/../../../../avr/lib/avr5/crtm32.o
 .data          0x00800060       0x22 ./app/locker.o
 .data          0x00800082        0x0 ./MCAL/I2C/IIC_program.o
 .data          0x00800082        0x0 ./MCAL/DIO_driver/DIO_program.o
 .data          0x00800082        0x0 ./HAL/LCD_driver/LCD_program.o
 .data          0x00800082        0x0 ./HAL/LCD_driver/Log_program.o
 .data          0x00800082        0x0 ./HAL/Keypad_driver/keypad_program.o
 .data          0x00800082        0x0 ./HAL/EXT_EEPROM/EXT_EEPROM_program.o
 .data          0x00800082        0x0 ./HAL/Buzzer_driver/Buzzer.o
 .data          0x00800082       0x64 ./main.o
 .data          0x008000e6        0x0 c:/users/mohamed karem/desktop/embedded/programs/imt_sdk_win_64/imt_sdk_win_64/winavr/bin/../lib/gcc/avr/4.3.3/avr5\libgcc.a(_udivmodqi4.o)
 .data          0x008000e6        0x0 c:/users/mohamed karem/desktop/embedded/programs/imt_sdk_win_64/imt_sdk_win_64/winavr/bin/../lib/gcc/avr/4.3.3/avr5\libgcc.a(_udivmodhi4.o)
 .data          0x008000e6        0x0 c:/users/mohamed karem/desktop/embedded/programs/imt_sdk_win_64/imt_sdk_win_64/winavr/bin/../lib/gcc/avr/4.3.3/avr5\libgcc.a(_exit.o)
 .data          0x008000e6        0x0 c:/users/mohamed karem/desktop/embedded/programs/imt_sdk_win_64/imt_sdk_win_64/winavr/bin/../lib/gcc/avr/4.3.3/avr5\libgcc.a(_copy_data.o)
 .data          0x008000e6        0x0 c:/users/mohamed karem/desktop/embedded/programs/imt_sdk_win_64/imt_sdk_win_64/winavr/bin/../lib/gcc/avr/4.3.3/avr5\libgcc.a(_fixunssfsi.o)
 .data          0x008000e6        0x0 c:/users/mohamed karem/desktop/embedded/programs/imt_sdk_win_64/imt_sdk_win_64/winavr/bin/../lib/gcc/avr/4.3.3/avr5\libgcc.a(_addsub_sf.o)
 .data          0x008000e6        0x0 c:/users/mohamed karem/desktop/embedded/programs/imt_sdk_win_64/imt_sdk_win_64/winavr/bin/../lib/gcc/avr/4.3.3/avr5\libgcc.a(_mul_sf.o)
 .data          0x008000e6        0x0 c:/users/mohamed karem/desktop/embedded/programs/imt_sdk_win_64/imt_sdk_win_64/winavr/bin/../lib/gcc/avr/4.3.3/avr5\libgcc.a(_gt_sf.o)
 .data          0x008000e6        0x0 c:/users/mohamed karem/desktop/embedded/programs/imt_sdk_win_64/imt_sdk_win_64/winavr/bin/../lib/gcc/avr/4.3.3/avr5\libgcc.a(_ge_sf.o)
 .data          0x008000e6        0x0 c:/users/mohamed karem/desktop/embedded/programs/imt_sdk_win_64/imt_sdk_win_64/winavr/bin/../lib/gcc/avr/4.3.3/avr5\libgcc.a(_lt_sf.o)
 .data          0x008000e6        0x0 c:/users/mohamed karem/desktop/embedded/programs/imt_sdk_win_64/imt_sdk_win_64/winavr/bin/../lib/gcc/avr/4.3.3/avr5\libgcc.a(_sf_to_si.o)
 .data          0x008000e6        0x8 c:/users/mohamed karem/desktop/embedded/programs/imt_sdk_win_64/imt_sdk_win_64/winavr/bin/../lib/gcc/avr/4.3.3/avr5\libgcc.a(_thenan_sf.o)
                0x008000e6                __thenan_sf
 .data          0x008000ee        0x0 c:/users/mohamed karem/desktop/embedded/programs/imt_sdk_win_64/imt_sdk_win_64/winavr/bin/../lib/gcc/avr/4.3.3/avr5\libgcc.a(_prologue.o)
 .data          0x008000ee        0x0 c:/users/mohamed karem/desktop/embedded/programs/imt_sdk_win_64/imt_sdk_win_64/winavr/bin/../lib/gcc/avr/4.3.3/avr5\libgcc.a(_epilogue.o)
 .data          0x008000ee        0x0 c:/users/mohamed karem/desktop/embedded/programs/imt_sdk_win_64/imt_sdk_win_64/winavr/bin/../lib/gcc/avr/4.3.3/avr5\libgcc.a(_pack_sf.o)
 .data          0x008000ee        0x0 c:/users/mohamed karem/desktop/embedded/programs/imt_sdk_win_64/imt_sdk_win_64/winavr/bin/../lib/gcc/avr/4.3.3/avr5\libgcc.a(_unpack_sf.o)
 .data          0x008000ee        0x0 c:/users/mohamed karem/desktop/embedded/programs/imt_sdk_win_64/imt_sdk_win_64/winavr/bin/../lib/gcc/avr/4.3.3/avr5\libgcc.a(_fpcmp_parts_sf.o)
 *(.data*)
 .data.keypad_Array
                0x008000ee       0x10 ./HAL/Keypad_driver/keypad_program.o
                0x008000ee                keypad_Array
 *(.rodata)
 *(.rodata*)
 *(.gnu.linkonce.d*)
                0x008000fe                . = ALIGN (0x2)
                0x008000fe                _edata = .
                0x008000fe                PROVIDE (__data_end, .)

.bss            0x008000fe        0x0
                0x008000fe                PROVIDE (__bss_start, .)
 *(.bss)
 .bss           0x008000fe        0x0 c:/users/mohamed karem/desktop/embedded/programs/imt_sdk_win_64/imt_sdk_win_64/winavr/bin/../lib/gcc/avr/4.3.3/../../../../avr/lib/avr5/crtm32.o
 .bss           0x008000fe        0x0 ./app/locker.o
 .bss           0x008000fe        0x0 ./MCAL/I2C/IIC_program.o
 .bss           0x008000fe        0x0 ./MCAL/DIO_driver/DIO_program.o
 .bss           0x008000fe        0x0 ./HAL/LCD_driver/LCD_program.o
 .bss           0x008000fe        0x0 ./HAL/LCD_driver/Log_program.o
 .bss           0x008000fe        0x0 ./HAL/Keypad_driver/keypad_program.o
 .bss           0x008000fe        0x0 ./HAL/EXT_EEPROM/EXT_EEPROM_program.o
 .bss           0x008000fe        0x0 ./HAL/Buzzer_driver/Buzzer.o
 .bss           0x008000fe        0x0 ./main.o
 .bss           0x008000fe        0x0 c:/users/mohamed karem/desktop/embedded/programs/imt_sdk_win_64/imt_sdk_win_64/winavr/bin/../lib/gcc/avr/4.3.3/avr5\libgcc.a(_udivmodqi4.o)
 .bss           0x008000fe        0x0 c:/users/mohamed karem/desktop/embedded/programs/imt_sdk_win_64/imt_sdk_win_64/winavr/bin/../lib/gcc/avr/4.3.3/avr5\libgcc.a(_udivmodhi4.o)
 .bss           0x008000fe        0x0 c:/users/mohamed karem/desktop/embedded/programs/imt_sdk_win_64/imt_sdk_win_64/winavr/bin/../lib/gcc/avr/4.3.3/avr5\libgcc.a(_exit.o)
 .bss           0x008000fe        0x0 c:/users/mohamed karem/desktop/embedded/programs/imt_sdk_win_64/imt_sdk_win_64/winavr/bin/../lib/gcc/avr/4.3.3/avr5\libgcc.a(_copy_data.o)
 .bss           0x008000fe        0x0 c:/users/mohamed karem/desktop/embedded/programs/imt_sdk_win_64/imt_sdk_win_64/winavr/bin/../lib/gcc/avr/4.3.3/avr5\libgcc.a(_fixunssfsi.o)
 .bss           0x008000fe        0x0 c:/users/mohamed karem/desktop/embedded/programs/imt_sdk_win_64/imt_sdk_win_64/winavr/bin/../lib/gcc/avr/4.3.3/avr5\libgcc.a(_addsub_sf.o)
 .bss           0x008000fe        0x0 c:/users/mohamed karem/desktop/embedded/programs/imt_sdk_win_64/imt_sdk_win_64/winavr/bin/../lib/gcc/avr/4.3.3/avr5\libgcc.a(_mul_sf.o)
 .bss           0x008000fe        0x0 c:/users/mohamed karem/desktop/embedded/programs/imt_sdk_win_64/imt_sdk_win_64/winavr/bin/../lib/gcc/avr/4.3.3/avr5\libgcc.a(_gt_sf.o)
 .bss           0x008000fe        0x0 c:/users/mohamed karem/desktop/embedded/programs/imt_sdk_win_64/imt_sdk_win_64/winavr/bin/../lib/gcc/avr/4.3.3/avr5\libgcc.a(_ge_sf.o)
 .bss           0x008000fe        0x0 c:/users/mohamed karem/desktop/embedded/programs/imt_sdk_win_64/imt_sdk_win_64/winavr/bin/../lib/gcc/avr/4.3.3/avr5\libgcc.a(_lt_sf.o)
 .bss           0x008000fe        0x0 c:/users/mohamed karem/desktop/embedded/programs/imt_sdk_win_64/imt_sdk_win_64/winavr/bin/../lib/gcc/avr/4.3.3/avr5\libgcc.a(_sf_to_si.o)
 .bss           0x008000fe        0x0 c:/users/mohamed karem/desktop/embedded/programs/imt_sdk_win_64/imt_sdk_win_64/winavr/bin/../lib/gcc/avr/4.3.3/avr5\libgcc.a(_thenan_sf.o)
 .bss           0x008000fe        0x0 c:/users/mohamed karem/desktop/embedded/programs/imt_sdk_win_64/imt_sdk_win_64/winavr/bin/../lib/gcc/avr/4.3.3/avr5\libgcc.a(_prologue.o)
 .bss           0x008000fe        0x0 c:/users/mohamed karem/desktop/embedded/programs/imt_sdk_win_64/imt_sdk_win_64/winavr/bin/../lib/gcc/avr/4.3.3/avr5\libgcc.a(_epilogue.o)
 .bss           0x008000fe        0x0 c:/users/mohamed karem/desktop/embedded/programs/imt_sdk_win_64/imt_sdk_win_64/winavr/bin/../lib/gcc/avr/4.3.3/avr5\libgcc.a(_pack_sf.o)
 .bss           0x008000fe        0x0 c:/users/mohamed karem/desktop/embedded/programs/imt_sdk_win_64/imt_sdk_win_64/winavr/bin/../lib/gcc/avr/4.3.3/avr5\libgcc.a(_unpack_sf.o)
 .bss           0x008000fe        0x0 c:/users/mohamed karem/desktop/embedded/programs/imt_sdk_win_64/imt_sdk_win_64/winavr/bin/../lib/gcc/avr/4.3.3/avr5\libgcc.a(_fpcmp_parts_sf.o)
 *(.bss*)
 *(COMMON)
                0x008000fe                PROVIDE (__bss_end, .)
                0x00003702                __data_load_start = LOADADDR (.data)
                0x000037a0                __data_load_end = (__data_load_start + SIZEOF (.data))

.noinit         0x008000fe        0x0
                0x008000fe                PROVIDE (__noinit_start, .)
 *(.noinit*)
                0x008000fe                PROVIDE (__noinit_end, .)
                0x008000fe                _end = .
                0x008000fe                PROVIDE (__heap_start, .)

.eeprom         0x00810000        0x0
 *(.eeprom*)
                0x00810000                __eeprom_end = .

.fuse
 *(.fuse)
 *(.lfuse)
 *(.hfuse)
 *(.efuse)

.lock
 *(.lock*)

.signature
 *(.signature*)

.stab           0x00000000     0x3714
 *(.stab)
 .stab          0x00000000      0xc00 ./app/locker.o
 .stab          0x00000c00      0x6c0 ./MCAL/I2C/IIC_program.o
                                0x6cc (size before relaxing)
 .stab          0x000012c0      0x4bc ./MCAL/DIO_driver/DIO_program.o
                                0x4c8 (size before relaxing)
 .stab          0x0000177c      0x804 ./HAL/LCD_driver/LCD_program.o
                                0x99c (size before relaxing)
 .stab          0x00001f80      0x360 ./HAL/LCD_driver/Log_program.o
                                0x3d8 (size before relaxing)
 .stab          0x000022e0      0x3d8 ./HAL/Keypad_driver/keypad_program.o
                                0x570 (size before relaxing)
 .stab          0x000026b8      0x2e8 ./HAL/EXT_EEPROM/EXT_EEPROM_program.o
                                0x2f4 (size before relaxing)
 .stab          0x000029a0      0x654 ./HAL/Buzzer_driver/Buzzer.o
                                0x7ec (size before relaxing)
 .stab          0x00002ff4      0x720 ./main.o
                                0x93c (size before relaxing)

.stabstr        0x00000000     0x129f
 *(.stabstr)
 .stabstr       0x00000000     0x129f ./app/locker.o

.stab.excl
 *(.stab.excl)

.stab.exclstr
 *(.stab.exclstr)

.stab.index
 *(.stab.index)

.stab.indexstr
 *(.stab.indexstr)

.comment
 *(.comment)

.debug
 *(.debug)

.line
 *(.line)

.debug_srcinfo
 *(.debug_srcinfo)

.debug_sfnames
 *(.debug_sfnames)

.debug_aranges  0x00000000      0x140
 *(.debug_aranges)
 .debug_aranges
                0x00000000       0x20 c:/users/mohamed karem/desktop/embedded/programs/imt_sdk_win_64/imt_sdk_win_64/winavr/bin/../lib/gcc/avr/4.3.3/avr5\libgcc.a(_fixunssfsi.o)
 .debug_aranges
                0x00000020       0x20 c:/users/mohamed karem/desktop/embedded/programs/imt_sdk_win_64/imt_sdk_win_64/winavr/bin/../lib/gcc/avr/4.3.3/avr5\libgcc.a(_addsub_sf.o)
 .debug_aranges
                0x00000040       0x20 c:/users/mohamed karem/desktop/embedded/programs/imt_sdk_win_64/imt_sdk_win_64/winavr/bin/../lib/gcc/avr/4.3.3/avr5\libgcc.a(_mul_sf.o)
 .debug_aranges
                0x00000060       0x20 c:/users/mohamed karem/desktop/embedded/programs/imt_sdk_win_64/imt_sdk_win_64/winavr/bin/../lib/gcc/avr/4.3.3/avr5\libgcc.a(_gt_sf.o)
 .debug_aranges
                0x00000080       0x20 c:/users/mohamed karem/desktop/embedded/programs/imt_sdk_win_64/imt_sdk_win_64/winavr/bin/../lib/gcc/avr/4.3.3/avr5\libgcc.a(_ge_sf.o)
 .debug_aranges
                0x000000a0       0x20 c:/users/mohamed karem/desktop/embedded/programs/imt_sdk_win_64/imt_sdk_win_64/winavr/bin/../lib/gcc/avr/4.3.3/avr5\libgcc.a(_lt_sf.o)
 .debug_aranges
                0x000000c0       0x20 c:/users/mohamed karem/desktop/embedded/programs/imt_sdk_win_64/imt_sdk_win_64/winavr/bin/../lib/gcc/avr/4.3.3/avr5\libgcc.a(_sf_to_si.o)
 .debug_aranges
                0x000000e0       0x20 c:/users/mohamed karem/desktop/embedded/programs/imt_sdk_win_64/imt_sdk_win_64/winavr/bin/../lib/gcc/avr/4.3.3/avr5\libgcc.a(_pack_sf.o)
 .debug_aranges
                0x00000100       0x20 c:/users/mohamed karem/desktop/embedded/programs/imt_sdk_win_64/imt_sdk_win_64/winavr/bin/../lib/gcc/avr/4.3.3/avr5\libgcc.a(_unpack_sf.o)
 .debug_aranges
                0x00000120       0x20 c:/users/mohamed karem/desktop/embedded/programs/imt_sdk_win_64/imt_sdk_win_64/winavr/bin/../lib/gcc/avr/4.3.3/avr5\libgcc.a(_fpcmp_parts_sf.o)

.debug_pubnames
                0x00000000      0x170
 *(.debug_pubnames)
 .debug_pubnames
                0x00000000       0x23 c:/users/mohamed karem/desktop/embedded/programs/imt_sdk_win_64/imt_sdk_win_64/winavr/bin/../lib/gcc/avr/4.3.3/avr5\libgcc.a(_fixunssfsi.o)
 .debug_pubnames
                0x00000023       0x2c c:/users/mohamed karem/desktop/embedded/programs/imt_sdk_win_64/imt_sdk_win_64/winavr/bin/../lib/gcc/avr/4.3.3/avr5\libgcc.a(_addsub_sf.o)
 .debug_pubnames
                0x0000004f       0x1f c:/users/mohamed karem/desktop/embedded/programs/imt_sdk_win_64/imt_sdk_win_64/winavr/bin/../lib/gcc/avr/4.3.3/avr5\libgcc.a(_mul_sf.o)
 .debug_pubnames
                0x0000006e       0x1e c:/users/mohamed karem/desktop/embedded/programs/imt_sdk_win_64/imt_sdk_win_64/winavr/bin/../lib/gcc/avr/4.3.3/avr5\libgcc.a(_gt_sf.o)
 .debug_pubnames
                0x0000008c       0x1e c:/users/mohamed karem/desktop/embedded/programs/imt_sdk_win_64/imt_sdk_win_64/winavr/bin/../lib/gcc/avr/4.3.3/avr5\libgcc.a(_ge_sf.o)
 .debug_pubnames
                0x000000aa       0x1e c:/users/mohamed karem/desktop/embedded/programs/imt_sdk_win_64/imt_sdk_win_64/winavr/bin/../lib/gcc/avr/4.3.3/avr5\libgcc.a(_lt_sf.o)
 .debug_pubnames
                0x000000c8       0x20 c:/users/mohamed karem/desktop/embedded/programs/imt_sdk_win_64/imt_sdk_win_64/winavr/bin/../lib/gcc/avr/4.3.3/avr5\libgcc.a(_sf_to_si.o)
 .debug_pubnames
                0x000000e8       0x22 c:/users/mohamed karem/desktop/embedded/programs/imt_sdk_win_64/imt_sdk_win_64/winavr/bin/../lib/gcc/avr/4.3.3/avr5\libgcc.a(_thenan_sf.o)
 .debug_pubnames
                0x0000010a       0x1f c:/users/mohamed karem/desktop/embedded/programs/imt_sdk_win_64/imt_sdk_win_64/winavr/bin/../lib/gcc/avr/4.3.3/avr5\libgcc.a(_pack_sf.o)
 .debug_pubnames
                0x00000129       0x21 c:/users/mohamed karem/desktop/embedded/programs/imt_sdk_win_64/imt_sdk_win_64/winavr/bin/../lib/gcc/avr/4.3.3/avr5\libgcc.a(_unpack_sf.o)
 .debug_pubnames
                0x0000014a       0x26 c:/users/mohamed karem/desktop/embedded/programs/imt_sdk_win_64/imt_sdk_win_64/winavr/bin/../lib/gcc/avr/4.3.3/avr5\libgcc.a(_fpcmp_parts_sf.o)

.debug_info     0x00000000     0x1c49
 *(.debug_info)
 .debug_info    0x00000000       0xb1 c:/users/mohamed karem/desktop/embedded/programs/imt_sdk_win_64/imt_sdk_win_64/winavr/bin/../lib/gcc/avr/4.3.3/avr5\libgcc.a(_fixunssfsi.o)
 .debug_info    0x000000b1      0x47a c:/users/mohamed karem/desktop/embedded/programs/imt_sdk_win_64/imt_sdk_win_64/winavr/bin/../lib/gcc/avr/4.3.3/avr5\libgcc.a(_addsub_sf.o)
 .debug_info    0x0000052b      0x485 c:/users/mohamed karem/desktop/embedded/programs/imt_sdk_win_64/imt_sdk_win_64/winavr/bin/../lib/gcc/avr/4.3.3/avr5\libgcc.a(_mul_sf.o)
 .debug_info    0x000009b0      0x27f c:/users/mohamed karem/desktop/embedded/programs/imt_sdk_win_64/imt_sdk_win_64/winavr/bin/../lib/gcc/avr/4.3.3/avr5\libgcc.a(_gt_sf.o)
 .debug_info    0x00000c2f      0x27f c:/users/mohamed karem/desktop/embedded/programs/imt_sdk_win_64/imt_sdk_win_64/winavr/bin/../lib/gcc/avr/4.3.3/avr5\libgcc.a(_ge_sf.o)
 .debug_info    0x00000eae      0x27f c:/users/mohamed karem/desktop/embedded/programs/imt_sdk_win_64/imt_sdk_win_64/winavr/bin/../lib/gcc/avr/4.3.3/avr5\libgcc.a(_lt_sf.o)
 .debug_info    0x0000112d      0x2b0 c:/users/mohamed karem/desktop/embedded/programs/imt_sdk_win_64/imt_sdk_win_64/winavr/bin/../lib/gcc/avr/4.3.3/avr5\libgcc.a(_sf_to_si.o)
 .debug_info    0x000013dd      0x12c c:/users/mohamed karem/desktop/embedded/programs/imt_sdk_win_64/imt_sdk_win_64/winavr/bin/../lib/gcc/avr/4.3.3/avr5\libgcc.a(_thenan_sf.o)
 .debug_info    0x00001509      0x2df c:/users/mohamed karem/desktop/embedded/programs/imt_sdk_win_64/imt_sdk_win_64/winavr/bin/../lib/gcc/avr/4.3.3/avr5\libgcc.a(_pack_sf.o)
 .debug_info    0x000017e8      0x251 c:/users/mohamed karem/desktop/embedded/programs/imt_sdk_win_64/imt_sdk_win_64/winavr/bin/../lib/gcc/avr/4.3.3/avr5\libgcc.a(_unpack_sf.o)
 .debug_info    0x00001a39      0x210 c:/users/mohamed karem/desktop/embedded/programs/imt_sdk_win_64/imt_sdk_win_64/winavr/bin/../lib/gcc/avr/4.3.3/avr5\libgcc.a(_fpcmp_parts_sf.o)
 *(.gnu.linkonce.wi.*)

.debug_abbrev   0x00000000      0xeeb
 *(.debug_abbrev)
 .debug_abbrev  0x00000000       0x5d c:/users/mohamed karem/desktop/embedded/programs/imt_sdk_win_64/imt_sdk_win_64/winavr/bin/../lib/gcc/avr/4.3.3/avr5\libgcc.a(_fixunssfsi.o)
 .debug_abbrev  0x0000005d      0x1ea c:/users/mohamed karem/desktop/embedded/programs/imt_sdk_win_64/imt_sdk_win_64/winavr/bin/../lib/gcc/avr/4.3.3/avr5\libgcc.a(_addsub_sf.o)
 .debug_abbrev  0x00000247      0x21b c:/users/mohamed karem/desktop/embedded/programs/imt_sdk_win_64/imt_sdk_win_64/winavr/bin/../lib/gcc/avr/4.3.3/avr5\libgcc.a(_mul_sf.o)
 .debug_abbrev  0x00000462      0x15a c:/users/mohamed karem/desktop/embedded/programs/imt_sdk_win_64/imt_sdk_win_64/winavr/bin/../lib/gcc/avr/4.3.3/avr5\libgcc.a(_gt_sf.o)
 .debug_abbrev  0x000005bc      0x15a c:/users/mohamed karem/desktop/embedded/programs/imt_sdk_win_64/imt_sdk_win_64/winavr/bin/../lib/gcc/avr/4.3.3/avr5\libgcc.a(_ge_sf.o)
 .debug_abbrev  0x00000716      0x15a c:/users/mohamed karem/desktop/embedded/programs/imt_sdk_win_64/imt_sdk_win_64/winavr/bin/../lib/gcc/avr/4.3.3/avr5\libgcc.a(_lt_sf.o)
 .debug_abbrev  0x00000870      0x17f c:/users/mohamed karem/desktop/embedded/programs/imt_sdk_win_64/imt_sdk_win_64/winavr/bin/../lib/gcc/avr/4.3.3/avr5\libgcc.a(_sf_to_si.o)
 .debug_abbrev  0x000009ef       0xad c:/users/mohamed karem/desktop/embedded/programs/imt_sdk_win_64/imt_sdk_win_64/winavr/bin/../lib/gcc/avr/4.3.3/avr5\libgcc.a(_thenan_sf.o)
 .debug_abbrev  0x00000a9c      0x1c0 c:/users/mohamed karem/desktop/embedded/programs/imt_sdk_win_64/imt_sdk_win_64/winavr/bin/../lib/gcc/avr/4.3.3/avr5\libgcc.a(_pack_sf.o)
 .debug_abbrev  0x00000c5c      0x154 c:/users/mohamed karem/desktop/embedded/programs/imt_sdk_win_64/imt_sdk_win_64/winavr/bin/../lib/gcc/avr/4.3.3/avr5\libgcc.a(_unpack_sf.o)
 .debug_abbrev  0x00000db0      0x13b c:/users/mohamed karem/desktop/embedded/programs/imt_sdk_win_64/imt_sdk_win_64/winavr/bin/../lib/gcc/avr/4.3.3/avr5\libgcc.a(_fpcmp_parts_sf.o)

.debug_line     0x00000000      0xdad
 *(.debug_line)
 .debug_line    0x00000000       0xa7 c:/users/mohamed karem/desktop/embedded/programs/imt_sdk_win_64/imt_sdk_win_64/winavr/bin/../lib/gcc/avr/4.3.3/avr5\libgcc.a(_fixunssfsi.o)
 .debug_line    0x000000a7      0x2af c:/users/mohamed karem/desktop/embedded/programs/imt_sdk_win_64/imt_sdk_win_64/winavr/bin/../lib/gcc/avr/4.3.3/avr5\libgcc.a(_addsub_sf.o)
 .debug_line    0x00000356      0x239 c:/users/mohamed karem/desktop/embedded/programs/imt_sdk_win_64/imt_sdk_win_64/winavr/bin/../lib/gcc/avr/4.3.3/avr5\libgcc.a(_mul_sf.o)
 .debug_line    0x0000058f       0xd3 c:/users/mohamed karem/desktop/embedded/programs/imt_sdk_win_64/imt_sdk_win_64/winavr/bin/../lib/gcc/avr/4.3.3/avr5\libgcc.a(_gt_sf.o)
 .debug_line    0x00000662       0xd3 c:/users/mohamed karem/desktop/embedded/programs/imt_sdk_win_64/imt_sdk_win_64/winavr/bin/../lib/gcc/avr/4.3.3/avr5\libgcc.a(_ge_sf.o)
 .debug_line    0x00000735       0xd3 c:/users/mohamed karem/desktop/embedded/programs/imt_sdk_win_64/imt_sdk_win_64/winavr/bin/../lib/gcc/avr/4.3.3/avr5\libgcc.a(_lt_sf.o)
 .debug_line    0x00000808      0x109 c:/users/mohamed karem/desktop/embedded/programs/imt_sdk_win_64/imt_sdk_win_64/winavr/bin/../lib/gcc/avr/4.3.3/avr5\libgcc.a(_sf_to_si.o)
 .debug_line    0x00000911       0x90 c:/users/mohamed karem/desktop/embedded/programs/imt_sdk_win_64/imt_sdk_win_64/winavr/bin/../lib/gcc/avr/4.3.3/avr5\libgcc.a(_thenan_sf.o)
 .debug_line    0x000009a1      0x18a c:/users/mohamed karem/desktop/embedded/programs/imt_sdk_win_64/imt_sdk_win_64/winavr/bin/../lib/gcc/avr/4.3.3/avr5\libgcc.a(_pack_sf.o)
 .debug_line    0x00000b2b      0x14b c:/users/mohamed karem/desktop/embedded/programs/imt_sdk_win_64/imt_sdk_win_64/winavr/bin/../lib/gcc/avr/4.3.3/avr5\libgcc.a(_unpack_sf.o)
 .debug_line    0x00000c76      0x137 c:/users/mohamed karem/desktop/embedded/programs/imt_sdk_win_64/imt_sdk_win_64/winavr/bin/../lib/gcc/avr/4.3.3/avr5\libgcc.a(_fpcmp_parts_sf.o)

.debug_frame    0x00000000      0x160
 *(.debug_frame)
 .debug_frame   0x00000000       0x20 c:/users/mohamed karem/desktop/embedded/programs/imt_sdk_win_64/imt_sdk_win_64/winavr/bin/../lib/gcc/avr/4.3.3/avr5\libgcc.a(_fixunssfsi.o)
 .debug_frame   0x00000020       0x40 c:/users/mohamed karem/desktop/embedded/programs/imt_sdk_win_64/imt_sdk_win_64/winavr/bin/../lib/gcc/avr/4.3.3/avr5\libgcc.a(_addsub_sf.o)
 .debug_frame   0x00000060       0x20 c:/users/mohamed karem/desktop/embedded/programs/imt_sdk_win_64/imt_sdk_win_64/winavr/bin/../lib/gcc/avr/4.3.3/avr5\libgcc.a(_mul_sf.o)
 .debug_frame   0x00000080       0x20 c:/users/mohamed karem/desktop/embedded/programs/imt_sdk_win_64/imt_sdk_win_64/winavr/bin/../lib/gcc/avr/4.3.3/avr5\libgcc.a(_gt_sf.o)
 .debug_frame   0x000000a0       0x20 c:/users/mohamed karem/desktop/embedded/programs/imt_sdk_win_64/imt_sdk_win_64/winavr/bin/../lib/gcc/avr/4.3.3/avr5\libgcc.a(_ge_sf.o)
 .debug_frame   0x000000c0       0x20 c:/users/mohamed karem/desktop/embedded/programs/imt_sdk_win_64/imt_sdk_win_64/winavr/bin/../lib/gcc/avr/4.3.3/avr5\libgcc.a(_lt_sf.o)
 .debug_frame   0x000000e0       0x20 c:/users/mohamed karem/desktop/embedded/programs/imt_sdk_win_64/imt_sdk_win_64/winavr/bin/../lib/gcc/avr/4.3.3/avr5\libgcc.a(_sf_to_si.o)
 .debug_frame   0x00000100       0x20 c:/users/mohamed karem/desktop/embedded/programs/imt_sdk_win_64/imt_sdk_win_64/winavr/bin/../lib/gcc/avr/4.3.3/avr5\libgcc.a(_pack_sf.o)
 .debug_frame   0x00000120       0x20 c:/users/mohamed karem/desktop/embedded/programs/imt_sdk_win_64/imt_sdk_win_64/winavr/bin/../lib/gcc/avr/4.3.3/avr5\libgcc.a(_unpack_sf.o)
 .debug_frame   0x00000140       0x20 c:/users/mohamed karem/desktop/embedded/programs/imt_sdk_win_64/imt_sdk_win_64/winavr/bin/../lib/gcc/avr/4.3.3/avr5\libgcc.a(_fpcmp_parts_sf.o)

.debug_str      0x00000000      0x28d
 *(.debug_str)
 .debug_str     0x00000000       0xbf c:/users/mohamed karem/desktop/embedded/programs/imt_sdk_win_64/imt_sdk_win_64/winavr/bin/../lib/gcc/avr/4.3.3/avr5\libgcc.a(_fixunssfsi.o)
                                 0xfe (size before relaxing)
 .debug_str     0x000000bf      0x14d c:/users/mohamed karem/desktop/embedded/programs/imt_sdk_win_64/imt_sdk_win_64/winavr/bin/../lib/gcc/avr/4.3.3/avr5\libgcc.a(_addsub_sf.o)
                                0x206 (size before relaxing)
 .debug_str     0x0000020c       0x27 c:/users/mohamed karem/desktop/embedded/programs/imt_sdk_win_64/imt_sdk_win_64/winavr/bin/../lib/gcc/avr/4.3.3/avr5\libgcc.a(_mul_sf.o)
                                0x1bf (size before relaxing)
 .debug_str     0x00000233        0xf c:/users/mohamed karem/desktop/embedded/programs/imt_sdk_win_64/imt_sdk_win_64/winavr/bin/../lib/gcc/avr/4.3.3/avr5\libgcc.a(_gt_sf.o)
                                0x195 (size before relaxing)
 .debug_str     0x00000242        0x8 c:/users/mohamed karem/desktop/embedded/programs/imt_sdk_win_64/imt_sdk_win_64/winavr/bin/../lib/gcc/avr/4.3.3/avr5\libgcc.a(_ge_sf.o)
                                0x195 (size before relaxing)
 .debug_str     0x0000024a        0x8 c:/users/mohamed karem/desktop/embedded/programs/imt_sdk_win_64/imt_sdk_win_64/winavr/bin/../lib/gcc/avr/4.3.3/avr5\libgcc.a(_lt_sf.o)
                                0x195 (size before relaxing)
 .debug_str     0x00000252        0xa c:/users/mohamed karem/desktop/embedded/programs/imt_sdk_win_64/imt_sdk_win_64/winavr/bin/../lib/gcc/avr/4.3.3/avr5\libgcc.a(_sf_to_si.o)
                                0x19e (size before relaxing)
 .debug_str     0x00000000      0x103 c:/users/mohamed karem/desktop/embedded/programs/imt_sdk_win_64/imt_sdk_win_64/winavr/bin/../lib/gcc/avr/4.3.3/avr5\libgcc.a(_thenan_sf.o)
 .debug_str     0x0000025c       0x16 c:/users/mohamed karem/desktop/embedded/programs/imt_sdk_win_64/imt_sdk_win_64/winavr/bin/../lib/gcc/avr/4.3.3/avr5\libgcc.a(_pack_sf.o)
                                0x19d (size before relaxing)
 .debug_str     0x00000272        0xb c:/users/mohamed karem/desktop/embedded/programs/imt_sdk_win_64/imt_sdk_win_64/winavr/bin/../lib/gcc/avr/4.3.3/avr5\libgcc.a(_unpack_sf.o)
                                0x17f (size before relaxing)
 .debug_str     0x0000027d       0x10 c:/users/mohamed karem/desktop/embedded/programs/imt_sdk_win_64/imt_sdk_win_64/winavr/bin/../lib/gcc/avr/4.3.3/avr5\libgcc.a(_fpcmp_parts_sf.o)
                                0x163 (size before relaxing)

.debug_loc      0x00000000      0x7ce
 *(.debug_loc)
 .debug_loc     0x00000000       0x34 c:/users/mohamed karem/desktop/embedded/programs/imt_sdk_win_64/imt_sdk_win_64/winavr/bin/../lib/gcc/avr/4.3.3/avr5\libgcc.a(_fixunssfsi.o)
 .debug_loc     0x00000034      0x32a c:/users/mohamed karem/desktop/embedded/programs/imt_sdk_win_64/imt_sdk_win_64/winavr/bin/../lib/gcc/avr/4.3.3/avr5\libgcc.a(_addsub_sf.o)
 .debug_loc     0x0000035e      0x104 c:/users/mohamed karem/desktop/embedded/programs/imt_sdk_win_64/imt_sdk_win_64/winavr/bin/../lib/gcc/avr/4.3.3/avr5\libgcc.a(_mul_sf.o)
 .debug_loc     0x00000462       0x3c c:/users/mohamed karem/desktop/embedded/programs/imt_sdk_win_64/imt_sdk_win_64/winavr/bin/../lib/gcc/avr/4.3.3/avr5\libgcc.a(_gt_sf.o)
 .debug_loc     0x0000049e       0x3c c:/users/mohamed karem/desktop/embedded/programs/imt_sdk_win_64/imt_sdk_win_64/winavr/bin/../lib/gcc/avr/4.3.3/avr5\libgcc.a(_ge_sf.o)
 .debug_loc     0x000004da       0x3c c:/users/mohamed karem/desktop/embedded/programs/imt_sdk_win_64/imt_sdk_win_64/winavr/bin/../lib/gcc/avr/4.3.3/avr5\libgcc.a(_lt_sf.o)
 .debug_loc     0x00000516       0x7e c:/users/mohamed karem/desktop/embedded/programs/imt_sdk_win_64/imt_sdk_win_64/winavr/bin/../lib/gcc/avr/4.3.3/avr5\libgcc.a(_sf_to_si.o)
 .debug_loc     0x00000594      0x13e c:/users/mohamed karem/desktop/embedded/programs/imt_sdk_win_64/imt_sdk_win_64/winavr/bin/../lib/gcc/avr/4.3.3/avr5\libgcc.a(_pack_sf.o)
 .debug_loc     0x000006d2       0xac c:/users/mohamed karem/desktop/embedded/programs/imt_sdk_win_64/imt_sdk_win_64/winavr/bin/../lib/gcc/avr/4.3.3/avr5\libgcc.a(_unpack_sf.o)
 .debug_loc     0x0000077e       0x50 c:/users/mohamed karem/desktop/embedded/programs/imt_sdk_win_64/imt_sdk_win_64/winavr/bin/../lib/gcc/avr/4.3.3/avr5\libgcc.a(_fpcmp_parts_sf.o)

.debug_macinfo
 *(.debug_macinfo)
OUTPUT(locker.elf elf32-avr)
LOAD linker stubs

.debug_ranges   0x00000000       0x50
 .debug_ranges  0x00000000       0x50 c:/users/mohamed karem/desktop/embedded/programs/imt_sdk_win_64/imt_sdk_win_64/winavr/bin/../lib/gcc/avr/4.3.3/avr5\libgcc.a(_mul_sf.o)
